2026-07-13 16:53:56,035 - app - INFO - Executing morning job via run_jobs.py
2026-07-13 16:53:56,043 - app - INFO - Starting morning job...
2026-07-13 16:54:13,220 - app - INFO - Morning Job Status: 200
2026-07-13 16:54:13,220 - app - INFO - Response: {'message': 'Morning report generated and sent.', 'status': 'success'}
2026-07-13 16:54:31,836 - app - INFO - Executing morning job via run_jobs.py
2026-07-13 16:54:31,836 - app - INFO - Starting morning job...
2026-07-13 16:55:25,194 - app - INFO - Morning Job Status: 200
2026-07-13 16:55:25,194 - app - INFO - Response: {'message': 'Morning report generated and sent.', 'status': 'success'}
2026-07-13 17:02:54,040 - app - INFO - Executing morning job via run_jobs.py
2026-07-13 17:02:54,040 - app - INFO - Starting morning job...
2026-07-13 17:02:59,975 - app - INFO - Morning Job Status: 200
2026-07-13 17:02:59,975 - app - INFO - Response: {'message': 'Morning report generated and sent.', 'status': 'success'}
2026-07-13 17:06:34,207 - app - INFO - Executing volatility job via run_jobs.py
2026-07-13 17:06:34,207 - app - INFO - Starting volatility check...
2026-07-13 17:06:36,393 - app - INFO - Volatility Job Status: 200
2026-07-13 17:06:36,393 - app - INFO - Response: {'alerts_sent': [], 'status': 'success'}
2026-07-13 17:07:29,176 - app - INFO - Executing morning job via run_jobs.py
2026-07-13 17:07:29,176 - app - INFO - Starting morning job...
2026-07-13 17:07:40,229 - app - INFO - Morning Job Status: 200
2026-07-13 17:07:40,229 - app - INFO - Response: {'message': 'Morning report generated and sent.', 'status': 'success'}
2026-07-13 17:10:44,114 - app - INFO - Executing morning job via run_jobs.py
2026-07-13 17:10:44,114 - app - INFO - Starting morning job...
2026-07-13 17:10:52,218 - app - INFO - Morning Job Status: 200
2026-07-13 17:10:52,218 - app - INFO - Response: {'message': 'Morning report generated and sent.', 'status': 'success'}
2026-07-13 17:32:47,831 - app - INFO - Executing morning job via run_jobs.py
2026-07-13 17:32:47,840 - app - INFO - Starting morning job...
2026-07-13 17:33:10,167 - app - INFO - Morning Job Status: 200
2026-07-13 17:33:10,167 - app - INFO - Response: {'message': 'Morning report generated and sent.', 'status': 'success'}
2026-07-14 05:17:49,205 - app - INFO - Executing morning job via run_jobs.py
2026-07-14 05:17:49,205 - app - INFO - Starting morning job...
2026-07-14 05:17:52,807 - app - INFO - Morning Job Status: 200
2026-07-14 05:17:52,808 - app - INFO - Response: {'message': 'Morning report generated and sent.', 'status': 'success'}
2026-07-14 06:11:12,366 - app - INFO - Executing morning job via run_jobs.py
2026-07-14 06:11:12,367 - app - INFO - Starting morning job...
2026-07-14 06:11:16,535 - app - INFO - Morning Job Status: 200
2026-07-14 06:11:16,535 - app - INFO - Response: {'message': 'Morning report generated and sent.', 'status': 'success'}
2026-07-15 06:14:52,326 - app - INFO - Executing morning job via run_jobs.py
2026-07-15 06:14:52,327 - app - INFO - Starting morning job...
2026-07-15 06:14:57,410 - app - INFO - Morning Job Status: 200
2026-07-15 06:14:57,410 - app - INFO - Response: {'message': 'Morning report generated and sent.', 'status': 'success'}
2026-07-16 06:18:58,429 - app - INFO - Executing morning job via run_jobs.py
2026-07-16 06:18:58,429 - app - INFO - Starting morning job...
2026-07-16 06:19:03,583 - app - INFO - Morning Job Status: 200
2026-07-16 06:19:03,583 - app - INFO - Response: {'message': 'Morning report generated and sent.', 'status': 'success'}
2026-07-17 06:17:09,810 - app - INFO - Executing morning job via run_jobs.py
2026-07-17 06:17:09,810 - app - INFO - Starting morning job...
2026-07-17 06:17:13,294 - app - INFO - Morning Job Status: 200
2026-07-17 06:17:13,294 - app - INFO - Response: {'message': 'Morning report generated and sent.', 'status': 'success'}
2026-07-20 06:46:34,377 - app - INFO - Executing morning job via run_jobs.py
2026-07-20 06:46:34,377 - app - INFO - Starting morning job...
2026-07-20 06:47:03,218 - app - INFO - Morning Job Status: 200
2026-07-20 06:47:03,218 - app - INFO - Response: {'message': 'Morning report generated and sent.', 'status': 'success'}
2026-07-21 06:28:42,225 - app - INFO - Executing morning job via run_jobs.py
2026-07-21 06:28:42,226 - app - INFO - Starting morning job...
2026-07-21 06:28:46,839 - app - INFO - Morning Job Status: 200
2026-07-21 06:28:46,839 - app - INFO - Response: {'message': 'Morning report generated and sent.', 'status': 'success'}
2026-07-22 06:28:32,462 - app - INFO - Executing morning job via run_jobs.py
2026-07-22 06:28:32,462 - app - INFO - Starting morning job...
2026-07-22 06:28:35,519 - app - INFO - Morning Job Status: 200
2026-07-22 06:28:35,519 - app - INFO - Response: {'message': 'Morning report generated and sent.', 'status': 'success'}
2026-07-23 06:30:57,010 - app - INFO - Executing morning job via run_jobs.py
2026-07-23 06:30:57,011 - app - INFO - Starting morning job...
2026-07-23 06:31:01,891 - app - INFO - Morning Job Status: 200
2026-07-23 06:31:01,892 - app - INFO - Response: {'message': 'Morning report generated and sent.', 'status': 'success'}
2026-07-24 06:26:58,233 - app - INFO - Executing morning job via run_jobs.py
2026-07-24 06:26:58,234 - app - INFO - Starting morning job...
2026-07-24 06:27:03,480 - app - INFO - Morning Job Status: 200
2026-07-24 06:27:03,480 - app - INFO - Response: {'message': 'Morning report generated and sent.', 'status': 'success'}
2026-07-27 07:32:25,762 - app - INFO - Executing morning job via run_jobs.py
2026-07-27 07:32:25,763 - app - INFO - Starting morning job...
2026-07-27 07:32:53,063 - app - INFO - Morning Job Status: 200
2026-07-27 07:32:53,063 - app - INFO - Response: {'message': 'Morning report generated and sent.', 'status': 'success'}
2026-07-28 06:27:41,315 - app - INFO - Executing morning job via run_jobs.py
2026-07-28 06:27:41,315 - app - INFO - Starting morning job...
2026-07-28 06:27:45,607 - app - INFO - Morning Job Status: 200
2026-07-28 06:27:45,607 - app - INFO - Response: {'message': 'Morning report generated and sent.', 'status': 'success'}
2026-07-29 06:31:31,462 - app - INFO - Executing morning job via run_jobs.py
2026-07-29 06:31:31,463 - app - INFO - Starting morning job...
2026-07-29 06:31:36,827 - app - INFO - Morning Job Status: 200
2026-07-29 06:31:36,827 - app - INFO - Response: {'message': 'Morning report generated and sent.', 'status': 'success'}
2026-07-30 06:28:47,806 - app - INFO - Executing morning job via run_jobs.py
2026-07-30 06:28:47,806 - app - INFO - Starting morning job...
2026-07-30 06:28:50,902 - app - INFO - Morning Job Status: 200
2026-07-30 06:28:50,902 - app - INFO - Response: {'message': 'Morning report generated and sent.', 'status': 'success'}
2026-07-31 06:44:15,721 - app - INFO - Executing morning job via run_jobs.py
2026-07-31 06:44:15,722 - app - INFO - Starting morning job...
2026-07-31 06:44:18,968 - app - INFO - Morning Job Status: 200
2026-07-31 06:44:18,968 - app - INFO - Response: {'message': 'Morning report generated and sent.', 'status': 'success'}
2026-08-03 07:27:21,285 - app - INFO - Executing morning job via run_jobs.py
2026-08-03 07:27:21,286 - app - INFO - Starting morning job...
2026-08-03 07:27:45,933 - app - INFO - Morning Job Status: 200
2026-08-03 07:27:45,933 - app - INFO - Response: {'message': 'Morning report generated and sent.', 'status': 'success'}
2026-08-04 06:28:16,657 - app - INFO - Executing morning job via run_jobs.py
2026-08-04 06:28:16,658 - app - INFO - Starting morning job...
2026-08-04 06:28:20,401 - app - INFO - Morning Job Status: 200
2026-08-04 06:28:20,401 - app - INFO - Response: {'message': 'Morning report generated and sent.', 'status': 'success'}
2026-08-05 06:28:44,636 - app - INFO - Executing morning job via run_jobs.py
2026-08-05 06:28:44,637 - app - INFO - Starting morning job...
2026-08-05 06:28:49,239 - app - INFO - Morning Job Status: 200
2026-08-05 06:28:49,239 - app - INFO - Response: {'message': 'Morning report generated and sent.', 'status': 'success'}
2026-08-06 06:31:05,200 - app - INFO - Executing morning job via run_jobs.py
2026-08-06 06:31:05,201 - app - INFO - Starting morning job...
2026-08-06 06:31:08,664 - app - INFO - Morning Job Status: 200
2026-08-06 06:31:08,664 - app - INFO - Response: {'message': 'Morning report generated and sent.', 'status': 'success'}
2026-08-07 05:40:34,873 - app - INFO - Executing morning job via run_jobs.py
2026-08-07 05:40:34,873 - app - INFO - Starting morning job...
2026-08-07 05:40:37,910 - app - INFO - Morning Job Status: 200
2026-08-07 05:40:37,911 - app - INFO - Response: {'message': 'Morning report generated and sent.', 'status': 'success'}
2026-08-10 05:26:58,962 - app - INFO - Executing morning job via run_jobs.py
2026-08-10 05:26:58,963 - app - INFO - Starting morning job...
2026-08-10 05:27:23,066 - app - INFO - Morning Job Status: 200
2026-08-10 05:27:23,066 - app - INFO - Response: {'message': 'Morning report generated and sent.', 'status': 'success'}
2026-08-11 05:08:50,490 - app - INFO - Executing morning job via run_jobs.py
2026-08-11 05:08:50,490 - app - INFO - Starting morning job...
2026-08-11 05:08:54,051 - app - INFO - Morning Job Status: 200
2026-08-11 05:08:54,051 - app - INFO - Response: {'message': 'Morning report generated and sent.', 'status': 'success'}
2026-08-12 05:37:49,560 - app - INFO - Executing morning job via run_jobs.py
2026-08-12 05:37:49,561 - app - INFO - Starting morning job...
2026-08-12 05:37:52,688 - app - INFO - Morning Job Status: 200
2026-08-12 05:37:52,688 - app - INFO - Response: {'message': 'Morning report generated and sent.', 'status': 'success'}
2026-08-13 05:40:53,123 - app - INFO - Executing morning job via run_jobs.py
2026-08-13 05:40:53,123 - app - INFO - Starting morning job...
2026-08-13 05:40:56,405 - app - INFO - Morning Job Status: 200
2026-08-13 05:40:56,405 - app - INFO - Response: {'message': 'Morning report generated and sent.', 'status': 'success'}
2026-08-14 05:38:08,968 - app - INFO - Executing morning job via run_jobs.py
2026-08-14 05:38:08,969 - app - INFO - Starting morning job...
2026-08-14 05:38:12,011 - app - INFO - Morning Job Status: 200
2026-08-14 05:38:12,011 - app - INFO - Response: {'message': 'Morning report generated and sent.', 'status': 'success'}
2026-08-17 04:42:00,772 - app - INFO - Executing morning job via run_jobs.py
2026-08-17 04:42:00,772 - app - INFO - Starting morning job...
2026-08-17 04:42:27,187 - app - INFO - Morning Job Status: 200
2026-08-17 04:42:27,187 - app - INFO - Response: {'message': 'Morning report generated and sent.', 'status': 'success'}
2026-08-18 04:35:25,246 - app - INFO - Executing morning job via run_jobs.py
2026-08-18 04:35:25,247 - app - INFO - Starting morning job...
2026-08-18 04:35:28,541 - app - INFO - Morning Job Status: 200
2026-08-18 04:35:28,541 - app - INFO - Response: {'message': 'Morning report generated and sent.', 'status': 'success'}
2026-08-19 04:37:10,176 - app - INFO - Executing morning job via run_jobs.py
2026-08-19 04:37:10,176 - app - INFO - Starting morning job...
2026-08-19 04:37:15,436 - app - INFO - Morning Job Status: 200
2026-08-19 04:37:15,436 - app - INFO - Response: {'message': 'Morning report generated and sent.', 'status': 'success'}
2026-08-20 04:37:15,652 - app - INFO - Executing morning job via run_jobs.py
2026-08-20 04:37:15,653 - app - INFO - Starting morning job...
2026-08-20 04:37:18,813 - app - INFO - Morning Job Status: 200
2026-08-20 04:37:18,813 - app - INFO - Response: {'message': 'Morning report generated and sent.', 'status': 'success'}
2026-08-21 04:38:10,325 - app - INFO - Executing morning job via run_jobs.py
2026-08-21 04:38:10,325 - app - INFO - Starting morning job...
2026-08-21 04:38:15,466 - app - INFO - Morning Job Status: 200
2026-08-21 04:38:15,466 - app - INFO - Response: {'message': 'Morning report generated and sent.', 'status': 'success'}
2026-08-24 04:44:22,837 - app - INFO - Executing morning job via run_jobs.py
2026-08-24 04:44:22,838 - app - INFO - Starting morning job...
2026-08-24 04:44:47,565 - app - INFO - Morning Job Status: 200
2026-08-24 04:44:47,565 - app - INFO - Response: {'message': 'Morning report generated and sent.', 'status': 'success'}
2026-08-25 04:39:02,419 - app - INFO - Executing morning job via run_jobs.py
2026-08-25 04:39:02,420 - app - INFO - Starting morning job...
2026-08-25 04:39:08,440 - app - INFO - Morning Job Status: 200
2026-08-25 04:39:08,440 - app - INFO - Response: {'message': 'Morning report generated and sent.', 'status': 'success'}
2026-08-26 04:39:56,290 - app - INFO - Executing morning job via run_jobs.py
2026-08-26 04:39:56,290 - app - INFO - Starting morning job...
2026-08-26 04:40:01,386 - app - INFO - Morning Job Status: 200
2026-08-26 04:40:01,386 - app - INFO - Response: {'message': 'Morning report generated and sent.', 'status': 'success'}
2026-08-27 15:01:12,925 - app - INFO - Executing morning job via run_jobs.py
2026-08-27 15:01:12,926 - app - INFO - Starting morning job...
2026-08-27 15:01:16,940 - app - INFO - Morning Job Status: 200
2026-08-27 15:01:16,940 - app - INFO - Response: {'message': 'Morning report generated and sent.', 'status': 'success'}
2026-08-28 15:56:35,117 - app - INFO - Executing morning job via run_jobs.py
2026-08-28 15:56:35,118 - app - INFO - Starting morning job...
2026-08-28 15:56:39,700 - app - INFO - Morning Job Status: 200
2026-08-28 15:56:39,701 - app - INFO - Response: {'message': 'Morning report generated and sent.', 'status': 'success'}
2026-08-31 10:37:23,347 - app - INFO - Executing morning job via run_jobs.py
2026-08-31 10:37:23,347 - app - INFO - Starting morning job...
2026-08-31 10:37:48,450 - app - INFO - Morning Job Status: 200
2026-08-31 10:37:48,450 - app - INFO - Response: {'message': 'Morning report generated and sent.', 'status': 'success'}
2026-09-01 09:13:54,568 - app - INFO - Executing morning job via run_jobs.py
2026-09-01 09:13:54,569 - app - INFO - Starting morning job...
2026-09-01 09:13:58,112 - app - INFO - Morning Job Status: 200
2026-09-01 09:13:58,112 - app - INFO - Response: {'message': 'Morning report generated and sent.', 'status': 'success'}
2026-09-02 08:27:56,420 - app - INFO - Executing morning job via run_jobs.py
2026-09-02 08:27:56,421 - app - INFO - Starting morning job...
2026-09-02 08:27:59,414 - app - INFO - Morning Job Status: 200
2026-09-02 08:27:59,414 - app - INFO - Response: {'message': 'Morning report generated and sent.', 'status': 'success'}
2026-09-03 08:36:09,041 - app - INFO - Executing morning job via run_jobs.py
2026-09-03 08:36:09,041 - app - INFO - Starting morning job...
2026-09-03 08:36:12,017 - app - INFO - Morning Job Status: 200
2026-09-03 08:36:12,017 - app - INFO - Response: {'message': 'Morning report generated and sent.', 'status': 'success'}
2026-09-04 08:31:29,857 - app - INFO - Executing morning job via run_jobs.py
2026-09-04 08:31:29,858 - app - INFO - Starting morning job...
2026-09-04 08:31:33,183 - app - INFO - Morning Job Status: 200
2026-09-04 08:31:33,183 - app - INFO - Response: {'message': 'Morning report generated and sent.', 'status': 'success'}
2026-09-07 08:59:42,052 - app - INFO - Executing morning job via run_jobs.py
2026-09-07 08:59:42,052 - app - INFO - Starting morning job...
2026-09-07 09:00:06,544 - app - INFO - Morning Job Status: 200
2026-09-07 09:00:06,544 - app - INFO - Response: {'message': 'Morning report generated and sent.', 'status': 'success'}
2026-09-08 08:39:18,081 - app - INFO - Executing morning job via run_jobs.py
2026-09-08 08:39:18,082 - app - INFO - Starting morning job...
2026-09-08 08:39:21,065 - app - INFO - Morning Job Status: 200
2026-09-08 08:39:21,065 - app - INFO - Response: {'message': 'Morning report generated and sent.', 'status': 'success'}
2026-09-09 08:42:46,358 - app - INFO - Executing morning job via run_jobs.py
2026-09-09 08:42:46,359 - app - INFO - Starting morning job...
2026-09-09 08:42:50,121 - app - INFO - Morning Job Status: 200
2026-09-09 08:42:50,121 - app - INFO - Response: {'message': 'Morning report generated and sent.', 'status': 'success'}
2026-09-10 08:41:52,694 - app - INFO - Executing morning job via run_jobs.py
2026-09-10 08:41:52,694 - app - INFO - Starting morning job...
2026-09-10 08:41:55,940 - app - INFO - Morning Job Status: 200
2026-09-10 08:41:55,940 - app - INFO - Response: {'message': 'Morning report generated and sent.', 'status': 'success'}
2026-09-11 08:39:05,190 - app - INFO - Executing morning job via run_jobs.py
2026-09-11 08:39:05,191 - app - INFO - Starting morning job...
2026-09-11 08:39:08,645 - app - INFO - Morning Job Status: 200
2026-09-11 08:39:08,645 - app - INFO - Response: {'message': 'Morning report generated and sent.', 'status': 'success'}
2026-09-14 09:37:47,915 - app - INFO - Executing morning job via run_jobs.py
2026-09-14 09:37:47,915 - app - INFO - Starting morning job...
2026-09-14 09:38:11,818 - app - INFO - Morning Job Status: 200
2026-09-14 09:38:11,818 - app - INFO - Response: {'message': 'Morning report generated and sent.', 'status': 'success'}
2026-09-15 09:14:33,957 - app - INFO - Executing morning job via run_jobs.py
2026-09-15 09:14:33,958 - app - INFO - Starting morning job...
2026-09-15 09:14:38,526 - app - INFO - Morning Job Status: 200
2026-09-15 09:14:38,526 - app - INFO - Response: {'message': 'Morning report generated and sent.', 'status': 'success'}
2026-09-16 09:08:02,615 - app - INFO - Executing morning job via run_jobs.py
2026-09-16 09:08:02,615 - app - INFO - Starting morning job...
2026-09-16 09:08:06,529 - app - INFO - Morning Job Status: 200
2026-09-16 09:08:06,529 - app - INFO - Response: {'message': 'Morning report generated and sent.', 'status': 'success'}
2026-09-17 09:15:39,553 - app - INFO - Executing morning job via run_jobs.py
2026-09-17 09:15:39,554 - app - INFO - Starting morning job...
2026-09-17 09:15:52,099 - app - INFO - Morning Job Status: 200
2026-09-17 09:15:52,099 - app - INFO - Response: {'message': 'Morning report generated and sent.', 'status': 'success'}
